// Jest Snapshot v1, https://goo.gl/fbAQLP

exports[`<LoginForm /> matches snapshot 1`] = `
<DocumentFragment>
  <form>
    <h2>
      LoginForm
    </h2>
    <input
      aria-label="Email"
      name="email"
      placeholder="email"
      value=""
    />
    <input
      aria-label="Password"
      name="password"
      placeholder="password"
      value=""
    />
    <button
      type="submit"
    >
      Login
    </button>
  </form>
</DocumentFragment>
`;
